// Vitest Snapshot v1, https://vitest.dev/guide/snapshot.html

exports[`snapshot UI testing 1`] = `"Firstmame:  Age:   Enter Firstname Guess Age Save my data"`;
